MO frq_div_1 NULL frq_div_1.v vlg4F/frq__div__1.bin 1671593972
MO bcd_counter_segdis1 NULL bcd_counter_segdis1.v vlg2B/bcd__counter__segdis1.bin 1671593972
MO bcd_counter1 NULL bcd_counter1.v vlg59/bcd__counter1.bin 1671432805
MO frq_div NULL frq_div.v vlg3B/frq__div.bin 1671513278
MO bcd_counter NULL bcd_counter.v vlg08/bcd__counter.bin 1671513278
MO number_1 NULL number_1.v vlg45/number__1.bin 1671593972
MO number_10 NULL number_10.v vlg09/number__10.bin 1671593972
