--------------------------------------------------------------------------------
Release 14.7 Trace  (nt64)
Copyright (c) 1995-2013 Xilinx, Inc.  All rights reserved.

C:\Xilinx\14.7\ISE_DS\ISE\bin\nt64\unwrapped\trce.exe -intstyle ise -v 3 -s 4
-n 3 -fastpaths -xml top.twx top.ncd -o top.twr top.pcf -ucf top.ucf

Design file:              top.ncd
Physical constraint file: top.pcf
Device,package,speed:     xc3s1000,fg676,-4 (PRODUCTION 1.39 2013-10-13)
Report level:             verbose report

Environment Variable      Effect 
--------------------      ------ 
NONE                      No environment variables were set
--------------------------------------------------------------------------------

INFO:Timing:2698 - No timing constraints found, doing default enumeration.
INFO:Timing:3412 - To improve timing, see the Timing Closure User Guide (UG612).
INFO:Timing:2752 - To get complete path coverage, use the unconstrained paths 
   option. All paths that are not constrained will be reported in the 
   unconstrained paths section(s) of the report.
INFO:Timing:3339 - The clock-to-out numbers in this timing report are based on 
   a 50 Ohm transmission line loading model.  For the details of this model, 
   and for more information on accounting for different loading conditions, 
   please see the device datasheet.
INFO:Timing:3390 - This architecture does not support a default System Jitter 
   value, please add SYSTEM_JITTER constraint to the UCF to modify the Clock 
   Uncertainty calculation.
INFO:Timing:3389 - This architecture does not support 'Discrete Jitter' and 
   'Phase Error' calculations, these terms will be zero in the Clock 
   Uncertainty calculation.  Please make appropriate modification to 
   SYSTEM_JITTER to account for the unsupported Discrete Jitter and Phase 
   Error.



Data Sheet report:
-----------------
All values displayed in nanoseconds (ns)

Setup/Hold to clock mclk
------------+------------+------------+------------------+--------+
            |Max Setup to|Max Hold to |                  | Clock  |
Source      | clk (edge) | clk (edge) |Internal Clock(s) | Phase  |
------------+------------+------------+------------------+--------+
rst         |    3.583(R)|    0.329(R)|mclk_BUFGP        |   0.000|
------------+------------+------------+------------------+--------+

Clock mclk to Pad
------------+------------+------------------+--------+
            | clk (edge) |                  | Clock  |
Destination |   to PAD   |Internal Clock(s) | Phase  |
------------+------------+------------------+--------+
am          |    9.544(R)|mclk_BUFGP        |   0.000|
dot_col<0>  |   10.814(R)|mclk_BUFGP        |   0.000|
dot_col<1>  |   12.966(R)|mclk_BUFGP        |   0.000|
dot_col<2>  |   11.505(R)|mclk_BUFGP        |   0.000|
dot_col<3>  |   11.477(R)|mclk_BUFGP        |   0.000|
dot_col<4>  |   11.649(R)|mclk_BUFGP        |   0.000|
dot_col<5>  |   13.645(R)|mclk_BUFGP        |   0.000|
dot_col<6>  |   10.959(R)|mclk_BUFGP        |   0.000|
dot_col<7>  |   11.053(R)|mclk_BUFGP        |   0.000|
dot_col<8>  |   11.761(R)|mclk_BUFGP        |   0.000|
dot_col<9>  |   11.549(R)|mclk_BUFGP        |   0.000|
dot_col<10> |   11.934(R)|mclk_BUFGP        |   0.000|
dot_col<11> |   11.905(R)|mclk_BUFGP        |   0.000|
dot_col<12> |   12.295(R)|mclk_BUFGP        |   0.000|
dot_row<0>  |    9.433(R)|mclk_BUFGP        |   0.000|
dot_row<1>  |    9.224(R)|mclk_BUFGP        |   0.000|
dot_row<2>  |    8.617(R)|mclk_BUFGP        |   0.000|
dot_row<3>  |    9.252(R)|mclk_BUFGP        |   0.000|
dot_row<4>  |    9.971(R)|mclk_BUFGP        |   0.000|
dot_row<5>  |    8.545(R)|mclk_BUFGP        |   0.000|
dot_row<6>  |    9.335(R)|mclk_BUFGP        |   0.000|
dot_row<7>  |    9.648(R)|mclk_BUFGP        |   0.000|
dot_row<8>  |    9.280(R)|mclk_BUFGP        |   0.000|
dot_row<9>  |    8.569(R)|mclk_BUFGP        |   0.000|
led<0>      |    8.898(R)|mclk_BUFGP        |   0.000|
led<1>      |    9.492(R)|mclk_BUFGP        |   0.000|
led<2>      |    9.366(R)|mclk_BUFGP        |   0.000|
led<3>      |    9.237(R)|mclk_BUFGP        |   0.000|
led<4>      |    9.290(R)|mclk_BUFGP        |   0.000|
led<5>      |    8.896(R)|mclk_BUFGP        |   0.000|
led<6>      |    8.922(R)|mclk_BUFGP        |   0.000|
seg_com<0>  |   10.982(R)|mclk_BUFGP        |   0.000|
seg_com<1>  |    9.472(R)|mclk_BUFGP        |   0.000|
seg_com<3>  |   10.302(R)|mclk_BUFGP        |   0.000|
seg_com<4>  |    9.962(R)|mclk_BUFGP        |   0.000|
seg_com<6>  |    9.204(R)|mclk_BUFGP        |   0.000|
seg_com<7>  |    9.467(R)|mclk_BUFGP        |   0.000|
seg_data<0> |   10.954(R)|mclk_BUFGP        |   0.000|
seg_data<1> |   10.418(R)|mclk_BUFGP        |   0.000|
seg_data<2> |   10.708(R)|mclk_BUFGP        |   0.000|
seg_data<3> |   10.838(R)|mclk_BUFGP        |   0.000|
seg_data<4> |   13.210(R)|mclk_BUFGP        |   0.000|
seg_data<5> |   13.130(R)|mclk_BUFGP        |   0.000|
seg_data<6> |   10.876(R)|mclk_BUFGP        |   0.000|
vfd_data<0> |   10.153(R)|mclk_BUFGP        |   0.000|
vfd_data<1> |   10.077(R)|mclk_BUFGP        |   0.000|
vfd_data<2> |    9.700(R)|mclk_BUFGP        |   0.000|
vfd_data<3> |   10.104(R)|mclk_BUFGP        |   0.000|
vfd_data<4> |    9.676(R)|mclk_BUFGP        |   0.000|
vfd_data<5> |    9.749(R)|mclk_BUFGP        |   0.000|
vfd_data<6> |    9.731(R)|mclk_BUFGP        |   0.000|
vfd_data<7> |   10.070(R)|mclk_BUFGP        |   0.000|
vfd_e       |   10.928(R)|mclk_BUFGP        |   0.000|
vfd_rs      |   10.193(R)|mclk_BUFGP        |   0.000|
------------+------------+------------------+--------+

Clock to Setup on destination clock mclk
---------------+---------+---------+---------+---------+
               | Src:Rise| Src:Fall| Src:Rise| Src:Fall|
Source Clock   |Dest:Rise|Dest:Rise|Dest:Fall|Dest:Fall|
---------------+---------+---------+---------+---------+
mclk           |    6.365|         |         |         |
---------------+---------+---------+---------+---------+


Analysis completed Tue Dec 20 11:39:22 2022 
--------------------------------------------------------------------------------

Trace Settings:
-------------------------
Trace Settings 

Peak Memory Usage: 4512 MB



