Release 14.7 - xst P.20131013 (nt)
Copyright (c) 1995-2013 Xilinx, Inc.  All rights reserved.
--> Parameter TMPDIR set to xst/projnav.tmp


Total REAL time to Xst completion: 0.00 secs
Total CPU time to Xst completion: 0.06 secs
 
--> Parameter xsthdpdir set to xst


Total REAL time to Xst completion: 0.00 secs
Total CPU time to Xst completion: 0.06 secs
 
--> Reading design: new_file.prj

TABLE OF CONTENTS
  1) Synthesis Options Summary
  2) HDL Compilation
  3) Design Hierarchy Analysis
  4) HDL Analysis
  5) HDL Synthesis
     5.1) HDL Synthesis Report
  6) Advanced HDL Synthesis
     6.1) Advanced HDL Synthesis Report
  7) Low Level Synthesis
  8) Partition Report
  9) Final Report
	9.1) Device utilization summary
	9.2) Partition Resource Summary
	9.3) TIMING REPORT


=========================================================================
*                      Synthesis Options Summary                        *
=========================================================================
---- Source Parameters
Input File Name                    : "new_file.prj"
Input Format                       : mixed
Ignore Synthesis Constraint File   : NO

---- Target Parameters
Output File Name                   : "new_file"
Output Format                      : NGC
Target Device                      : xc3s1000-5-fg676

---- Source Options
Top Module Name                    : new_file
Automatic FSM Extraction           : YES
FSM Encoding Algorithm             : Auto
Safe Implementation                : No
FSM Style                          : LUT
RAM Extraction                     : Yes
RAM Style                          : Auto
ROM Extraction                     : Yes
Mux Style                          : Auto
Decoder Extraction                 : YES
Priority Encoder Extraction        : Yes
Shift Register Extraction          : YES
Logical Shifter Extraction         : YES
XOR Collapsing                     : YES
ROM Style                          : Auto
Mux Extraction                     : Yes
Resource Sharing                   : YES
Asynchronous To Synchronous        : NO
Multiplier Style                   : Auto
Automatic Register Balancing       : No

---- Target Options
Add IO Buffers                     : YES
Global Maximum Fanout              : 100000
Add Generic Clock Buffer(BUFG)     : 8
Register Duplication               : YES
Slice Packing                      : YES
Optimize Instantiated Primitives   : NO
Use Clock Enable                   : Yes
Use Synchronous Set                : Yes
Use Synchronous Reset              : Yes
Pack IO Registers into IOBs        : Auto
Equivalent register Removal        : YES

---- General Options
Optimization Goal                  : Speed
Optimization Effort                : 1
Keep Hierarchy                     : No
Netlist Hierarchy                  : As_Optimized
RTL Output                         : Yes
Global Optimization                : AllClockNets
Read Cores                         : YES
Write Timing Constraints           : NO
Cross Clock Analysis               : NO
Hierarchy Separator                : /
Bus Delimiter                      : <>
Case Specifier                     : Maintain
Slice Utilization Ratio            : 100
BRAM Utilization Ratio             : 100
Verilog 2001                       : YES
Auto BRAM Packing                  : NO
Slice Utilization Ratio Delta      : 5

=========================================================================


=========================================================================
*                          HDL Compilation                              *
=========================================================================
Compiling verilog file "frq_div_10.v" in library work
Compiling verilog file "count_file_2.v" in library work
Module <frq_div_10> compiled
Compiling verilog file "count_file.v" in library work
Module <count_file_2> compiled
Compiling verilog file "new_file.v" in library work
Module <count_file> compiled
Module <new_file> compiled
No errors in compilation
Analysis of file <"new_file.prj"> succeeded.
 

=========================================================================
*                     Design Hierarchy Analysis                         *
=========================================================================
Analyzing hierarchy for module <new_file> in library <work>.

Analyzing hierarchy for module <count_file> in library <work>.

Analyzing hierarchy for module <count_file_2> in library <work>.

Analyzing hierarchy for module <frq_div_10> in library <work>.


=========================================================================
*                            HDL Analysis                               *
=========================================================================
Analyzing top module <new_file>.
Module <new_file> is correct for synthesis.
 
Analyzing module <count_file> in library <work>.
Module <count_file> is correct for synthesis.
 
Analyzing module <count_file_2> in library <work>.
Module <count_file_2> is correct for synthesis.
 
Analyzing module <frq_div_10> in library <work>.
Module <frq_div_10> is correct for synthesis.
 

=========================================================================
*                           HDL Synthesis                               *
=========================================================================

Performing bidirectional port resolution...

Synthesizing Unit <count_file>.
    Related source file is "count_file.v".
    Found 4-bit up counter for signal <cnt>.
    Summary:
	inferred   1 Counter(s).
Unit <count_file> synthesized.


Synthesizing Unit <frq_div_10>.
    Related source file is "frq_div_10.v".
    Found 1-bit register for signal <clk>.
    Found 4-bit up counter for signal <cnt>.
    Summary:
	inferred   1 Counter(s).
	inferred   1 D-type flip-flop(s).
Unit <frq_div_10> synthesized.


Synthesizing Unit <count_file_2>.
    Related source file is "count_file_2.v".
    Found 3-bit up counter for signal <cnt1>.
    Summary:
	inferred   1 Counter(s).
Unit <count_file_2> synthesized.


Synthesizing Unit <new_file>.
    Related source file is "new_file.v".
    Found 10x8-bit ROM for signal <seg_data>.
    Found 6x8-bit ROM for signal <seg_data>.
    Summary:
	inferred   2 ROM(s).
Unit <new_file> synthesized.


=========================================================================
HDL Synthesis Report

Macro Statistics
# ROMs                                                 : 2
 10x8-bit ROM                                          : 1
 6x8-bit ROM                                           : 1
# Counters                                             : 3
 3-bit up counter                                      : 1
 4-bit up counter                                      : 2
# Registers                                            : 1
 1-bit register                                        : 1

=========================================================================

=========================================================================
*                       Advanced HDL Synthesis                          *
=========================================================================


=========================================================================
Advanced HDL Synthesis Report

Macro Statistics
# ROMs                                                 : 2
 10x8-bit ROM                                          : 1
 6x8-bit ROM                                           : 1
# Counters                                             : 3
 3-bit up counter                                      : 1
 4-bit up counter                                      : 2
# Registers                                            : 1
 Flip-Flops                                            : 1

=========================================================================

=========================================================================
*                         Low Level Synthesis                           *
=========================================================================

ERROR:Xst:528 - Multi-source in Unit <new_file> on signal <seg_data<7>>; this signal is connected to multiple drivers.
Drivers are: 
   Output port doA<7> of instance <Mrom_seg_data> of inferred macro ROM
   Output port doA<7> of instance <Mrom_seg_data_ren> of inferred macro ROM

ERROR:Xst:528 - Multi-source in Unit <new_file> on signal <seg_data<6>>; this signal is connected to multiple drivers.
Drivers are: 
   Output port doA<6> of instance <Mrom_seg_data> of inferred macro ROM
   Output port doA<6> of instance <Mrom_seg_data_ren> of inferred macro ROM

ERROR:Xst:528 - Multi-source in Unit <new_file> on signal <seg_data<5>>; this signal is connected to multiple drivers.
Drivers are: 
   Output port doA<5> of instance <Mrom_seg_data> of inferred macro ROM
   Output port doA<5> of instance <Mrom_seg_data_ren> of inferred macro ROM

ERROR:Xst:528 - Multi-source in Unit <new_file> on signal <seg_data<4>>; this signal is connected to multiple drivers.
Drivers are: 
   Output port doA<4> of instance <Mrom_seg_data> of inferred macro ROM
   Output port doA<4> of instance <Mrom_seg_data_ren> of inferred macro ROM

ERROR:Xst:528 - Multi-source in Unit <new_file> on signal <seg_data<3>>; this signal is connected to multiple drivers.
Drivers are: 
   Output port doA<3> of instance <Mrom_seg_data> of inferred macro ROM
   Output port doA<3> of instance <Mrom_seg_data_ren> of inferred macro ROM

ERROR:Xst:528 - Multi-source in Unit <new_file> on signal <seg_data<2>>; this signal is connected to multiple drivers.
Drivers are: 
   Output port doA<2> of instance <Mrom_seg_data> of inferred macro ROM
   Output port doA<2> of instance <Mrom_seg_data_ren> of inferred macro ROM

ERROR:Xst:528 - Multi-source in Unit <new_file> on signal <seg_data<1>>; this signal is connected to multiple drivers.
Drivers are: 
   Output port doA<1> of instance <Mrom_seg_data> of inferred macro ROM
   Output port doA<1> of instance <Mrom_seg_data_ren> of inferred macro ROM

ERROR:Xst:528 - Multi-source in Unit <new_file> on signal <seg_data<0>>; this signal is connected to multiple drivers.
Drivers are: 
   Output port doA<0> of instance <Mrom_seg_data> of inferred macro ROM
   Output port doA<0> of instance <Mrom_seg_data_ren> of inferred macro ROM

ERROR:Xst:528 - Multi-source in Unit <new_file> on signal <seg_com<7>>; this signal is connected to multiple drivers.
Drivers are: 
   Signal <seg_com<7>> in Unit <new_file> is assigned to GND

ERROR:Xst:528 - Multi-source in Unit <new_file> on signal <seg_com<6>>; this signal is connected to multiple drivers.
Drivers are: 
   Signal <seg_com<6>> in Unit <new_file> is assigned to VCC

ERROR:Xst:528 - Multi-source in Unit <new_file> on signal <seg_com<5>>; this signal is connected to multiple drivers.
Drivers are: 
   Signal <seg_com<5>> in Unit <new_file> is assigned to VCC

ERROR:Xst:528 - Multi-source in Unit <new_file> on signal <seg_com<4>>; this signal is connected to multiple drivers.
Drivers are: 
   Signal <seg_com<4>> in Unit <new_file> is assigned to VCC

ERROR:Xst:528 - Multi-source in Unit <new_file> on signal <seg_com<3>>; this signal is connected to multiple drivers.
Drivers are: 
   Signal <seg_com<3>> in Unit <new_file> is assigned to VCC

ERROR:Xst:528 - Multi-source in Unit <new_file> on signal <seg_com<2>>; this signal is connected to multiple drivers.
Drivers are: 
   Signal <seg_com<2>> in Unit <new_file> is assigned to VCC

ERROR:Xst:528 - Multi-source in Unit <new_file> on signal <seg_com<1>>; this signal is connected to multiple drivers.
Drivers are: 
   Signal <seg_com<1>> in Unit <new_file> is assigned to VCC

ERROR:Xst:528 - Multi-source in Unit <new_file> on signal <seg_com<0>>; this signal is connected to multiple drivers.
Drivers are: 
   Signal <seg_com<0>> in Unit <new_file> is assigned to VCC


Total REAL time to Xst completion: 2.00 secs
Total CPU time to Xst completion: 2.44 secs
 
--> 

Total memory usage is 229340 kilobytes

Number of errors   :   16 (   0 filtered)
Number of warnings :    0 (   0 filtered)
Number of infos    :    0 (   0 filtered)

